1: 
  id: 1
  redstoneColor: 32768
  soulHash: 
  gui: 
    state: select
  label: 
  button: 
  direction: EAST
  active: false
2: 
  id: 2
  redstoneColor: 4096
  soulHash: 
  gui: 
    state: select
  label: 
  button: 
  direction: SOUTH
  active: false
3: 
  id: 3
  redstoneColor: 512
  soulHash: 
  gui: 
    state: select
  label: 
  button: 
  direction: NORTH
  active: false
